============================================================
ALLOCATION ROUND LOG
============================================================
Generated At   : 2026-07-29T10:49:42.012Z
Hostel         : event-270eb16b-ad82-499a-99b7-f5b1392a38cf (270eb16b-ad82-499a-99b7-f5b1392a38cf)
Batch ID       : c3faf148-4377-41b7-af2b-3eb5aff84318
Batch Number   : 1
Round Number   : 1
------------------------------------------------------------
SUMMARY
------------------------------------------------------------
Total Processed: 1
Allocated      : 1
Failed         : 0
Success Rate   : 100.0%
------------------------------------------------------------
RESULTS
------------------------------------------------------------
  ✔ [ALLOCATED]
     Submission : 4ef9b2e0-574a-4189-8e40-1cb5b8ca1d3c
     Group      : ec00a9c5-a5c3-4061-bcf2-8d7dcca94d3f
     Room ID    : 5d90050c-9003-41d9-a1f8-a43eabfd7583
     Room No.   : 202
     Pref Order : 1
     Members    : 9973

============================================================
END OF LOG
============================================================