============================================================
ALLOCATION ROUND LOG
============================================================
Generated At   : 2026-07-29T04:21:48.205Z
Hostel         : event-270eb16b-ad82-499a-99b7-f5b1392a38cf (270eb16b-ad82-499a-99b7-f5b1392a38cf)
Batch ID       : e4df2f0b-2499-4a6c-af50-58176daba140
Batch Number   : 1
Round Number   : 1
------------------------------------------------------------
SUMMARY
------------------------------------------------------------
Total Processed: 0
Allocated      : 0
Failed         : 0
Success Rate   : 0.0%
------------------------------------------------------------
RESULTS
------------------------------------------------------------
============================================================
END OF LOG
============================================================