============================================================
ALLOCATION ROUND LOG
============================================================
Generated At   : 2026-07-29T11:40:58.082Z
Hostel         : event-270eb16b-ad82-499a-99b7-f5b1392a38cf (270eb16b-ad82-499a-99b7-f5b1392a38cf)
Batch ID       : e2fbb7d2-e995-4954-bc50-43d27d3e4359
Batch Number   : 1
Round Number   : 1
------------------------------------------------------------
SUMMARY
------------------------------------------------------------
Total Processed: 1
Allocated      : 1
Failed         : 0
Success Rate   : 100.0%
------------------------------------------------------------
RESULTS
------------------------------------------------------------
  ✔ [ALLOCATED]
     Submission : e300f4f4-8c97-4886-894b-94337cda7e42
     Group      : ec00a9c5-a5c3-4061-bcf2-8d7dcca94d3f
     Room ID    : c90fdb5a-e938-4d60-9d9e-76c97b374862
     Room No.   : 101
     Pref Order : 1
     Members    : 9973

============================================================
END OF LOG
============================================================