============================================================
ALLOCATION ROUND LOG
============================================================
Generated At   : 2026-07-29T11:07:27.272Z
Hostel         : event-270eb16b-ad82-499a-99b7-f5b1392a38cf (270eb16b-ad82-499a-99b7-f5b1392a38cf)
Batch ID       : c3faf148-4377-41b7-af2b-3eb5aff84318
Batch Number   : 1
Round Number   : 3
------------------------------------------------------------
SUMMARY
------------------------------------------------------------
Total Processed: 0
Allocated      : 0
Failed         : 0
Success Rate   : 0.0%
------------------------------------------------------------
RESULTS
------------------------------------------------------------
============================================================
END OF LOG
============================================================