============================================================
ALLOCATION ROUND LOG
============================================================
Generated At   : 2026-07-29T12:00:52.089Z
Hostel         : event-270eb16b-ad82-499a-99b7-f5b1392a38cf (270eb16b-ad82-499a-99b7-f5b1392a38cf)
Batch ID       : e2fbb7d2-e995-4954-bc50-43d27d3e4359
Batch Number   : 1
Round Number   : 3
------------------------------------------------------------
SUMMARY
------------------------------------------------------------
Total Processed: 0
Allocated      : 0
Failed         : 0
Success Rate   : 0.0%
------------------------------------------------------------
RESULTS
------------------------------------------------------------
============================================================
END OF LOG
============================================================